// Jest Snapshot v1, https://goo.gl/fbAQLP

exports[`urls should export a const called Urls that matches snapshot 1`] = `
Object {
  "COLLECTIONS": "/collections",
}
`;
